// Jest Snapshot v1, https://goo.gl/fbAQLP

exports[`Pruebas en <FirstApp/> debe de hacer match con el snapshot 1`] = `
<div>
  <h2>
    Hola, Soy Goku
  </h2>
  <p>
    No lo hay, no
  </p>
  <p>
    Santiago Benito
  </p>
</div>
`;
